
Running 2 tests using 1 worker

[1A[2K[1/2] [chromium] ÔÇ║ tests\e2e\test-grid-qr.spec.js:32:5 ÔÇ║ Test Grid QR Code Verification ÔÇ║ should render a valid decodable QR code on the Standard Grid
[1A[2K[2/2] [chromium] ÔÇ║ tests\e2e\test-grid-qr.spec.js:66:5 ÔÇ║ Test Grid QR Code Verification ÔÇ║ should render a valid decodable QR code on the Custom Grid after updating parameters
[1A[2K  1) [chromium] ÔÇ║ tests\e2e\test-grid-qr.spec.js:66:5 ÔÇ║ Test Grid QR Code Verification ÔÇ║ should render a valid decodable QR code on the Custom Grid after updating parameters 

    [31mTest timeout of 30000ms exceeded.[39m

    Error: page.click: Test timeout of 30000ms exceeded.
    Call log:
    [2m  - waiting for locator('#btnPreviewGrid')[22m
    [2m    - locator resolved to <button id="btnPreviewGrid" class="btn btn-secondary">Update Preview</button>[22m
    [2m  - attempting click action[22m
    [2m    2 ├ù waiting for element to be visible, enabled and stable[22m
    [2m      - element is not stable[22m
    [2m    - retrying click action[22m
    [2m    - waiting 20ms[22m
    [2m    - waiting for element to be visible, enabled and stable[22m
    [2m    - element is not stable[22m
    [2m  2 ├ù retrying click action[22m
    [2m      - waiting 100ms[22m
    [2m      - waiting for element to be visible, enabled and stable[22m
    [2m      - element is visible, enabled and stable[22m
    [2m      - scrolling into view if needed[22m
    [2m      - done scrolling[22m
    [2m      - <h2>Calibration Workflow</h2> from <div class="modal active" id="testGridInfoModal">ÔÇª</div> subtree intercepts pointer events[22m
    [2m  13 ├ù retrying click action[22m
    [2m       - waiting 500ms[22m
    [2m       - waiting for element to be visible, enabled and stable[22m
    [2m       - element is visible, enabled and stable[22m
    [2m       - scrolling into view if needed[22m
    [2m       - done scrolling[22m
    [2m       - <div class="modal active" id="testGridInfoModal">ÔÇª</div> intercepts pointer events[22m
    [2m     - retrying click action[22m
    [2m       - waiting 500ms[22m
    [2m       - waiting for element to be visible, enabled and stable[22m
    [2m       - element is visible, enabled and stable[22m
    [2m       - scrolling into view if needed[22m
    [2m       - done scrolling[22m
    [2m       - <li>ÔÇª</li> from <div class="modal active" id="testGridInfoModal">ÔÇª</div> subtree intercepts pointer events[22m
    [2m     - retrying click action[22m
    [2m       - waiting 500ms[22m
    [2m       - waiting for element to be visible, enabled and stable[22m
    [2m       - element is visible, enabled and stable[22m
    [2m       - scrolling into view if needed[22m
    [2m       - done scrolling[22m
    [2m       - <h2>Calibration Workflow</h2> from <div class="modal active" id="testGridInfoModal">ÔÇª</div> subtree intercepts pointer events[22m
    [2m     - retrying click action[22m
    [2m       - waiting 500ms[22m
    [2m       - waiting for element to be visible, enabled and stable[22m
    [2m       - element is visible, enabled and stable[22m
    [2m       - scrolling into view if needed[22m
    [2m       - done scrolling[22m
    [2m       - <h2>Calibration Workflow</h2> from <div class="modal active" id="testGridInfoModal">ÔÇª</div> subtree intercepts pointer events[22m
    [2m  - retrying click action[22m
    [2m    - waiting 500ms[22m
    [2m    - waiting for element to be visible, enabled and stable[22m
    [2m    - element is visible, enabled and stable[22m
    [2m    - scrolling into view if needed[22m
    [2m    - done scrolling[22m
    [2m    - <div class="modal active" id="testGridInfoModal">ÔÇª</div> intercepts pointer events[22m
    [2m  - retrying click action[22m
    [2m    - waiting 500ms[22m
    [2m    - waiting for element to be visible, enabled and stable[22m
    [2m    - element is visible, enabled and stable[22m
    [2m    - scrolling into view if needed[22m
    [2m    - done scrolling[22m
    [2m    - <li>ÔÇª</li> from <div class="modal active" id="testGridInfoModal">ÔÇª</div> subtree intercepts pointer events[22m
    [2m  - retrying click action[22m
    [2m    - waiting 500ms[22m
    [2m    - waiting for element to be visible, enabled and stable[22m


      79 |
      80 |         // Refresh Preview
    > 81 |         await page.click('#btnPreviewGrid');
         |                    ^
      82 |
      83 |         // Small wait for animation/rendering
      84 |         await page.waitForTimeout(1000);
        at C:\Projects\Picture Engraver\tests\e2e\test-grid-qr.spec.js:81:20

    Error Context: test-results\test-grid-qr-Test-Grid-QR--3bae7-d-after-updating-parameters-chromium\error-context.md


[1A[2K  1 failed
    [chromium] ÔÇ║ tests\e2e\test-grid-qr.spec.js:66:5 ÔÇ║ Test Grid QR Code Verification ÔÇ║ should render a valid decodable QR code on the Custom Grid after updating parameters 
  1 passed (33.2s)

[36m  Serving HTML report at http://localhost:63542. Press Ctrl+C to quit.[39m
