=== Optimized Business Card Test Grid ===

Card: 85mm x 55mm
Cell: 5mm, Gap: 1mm

Grid dimensions: 14 cols x 9 rows = 126 cells
LPI (leftÔåÆright): [
  800, 762, 723, 685,
  646, 608, 569, 531,
  492, 454, 415, 377,
  338, 300
]
Freq (topÔåÆbottom): [
  40, 46, 53, 59, 65,
  71, 78, 84, 90
]
QR code: 11.0mm at (73.0, 43.0)
Created 122 test cells
Generating QR code...
node : Error: 
In Zeile:1 Zeichen:1
+ node testfile/generate-te
st-grid.mjs > 
test_output.log 2>&1; cat 
test ...
+ ~~~~~~~~~~~~~~~~~~~~~~~~~
~~~~~~~~~~~~~~~~~~~~~~~~~~~
~~~~~~~
    + CategoryInfo         
     : NotSpecified: (Err  
  or: :String) [], Remot   
 eException
    + FullyQualifiedErrorI 
   d : NativeCommandError
 
The chosen QR Code version 
cannot contain this amount 
of data.
Minimum version required 
to store current data is: 
5.

    at createSymbol 
(C:\Projects\Picture Engrav
er\node_modules\qrcode\lib\
core\qrcode.js:414:11)
    at Object.create 
(C:\Projects\Picture Engrav
er\node_modules\qrcode\lib\
core\qrcode.js:494:10)
    at generateQRCodePath (
file:///C:/Projects/Picture
%20Engraver/testfile/genera
te-test-grid.mjs:94:29)
    at 
generateOptimizedGrid (file
:///C:/Projects/Picture%20E
ngraver/testfile/generate-t
est-grid.mjs:257:26)
    at main (file:///C:/Pro
jects/Picture%20Engraver/te
stfile/generate-test-grid.m
js:325:37)
    at file:///C:/Projects/
Picture%20Engraver/testfile
/generate-test-grid.mjs:346
:1
    at ModuleJob.run (node:
internal/modules/esm/module
_job:413:25)
    at async onImport.trace
Promise.__proto__ (node:int
ernal/modules/esm/loader:66
0:26)
    at async asyncRunEntryP
ointWithESMLoader (node:int
ernal/modules/run_main:101:
5)
